# Project Activity Log
# Auto-generated development activity tracker

[2025-08-01T19:18:28+05:30] add health check endpoint
[2025-08-01T14:12:09+05:30] update network policies
[2025-08-01T13:09:17+05:30] update README documentation
[2025-08-02T20:10:33+05:30] add integration tests
[2025-08-04T10:29:19+05:30] add graceful shutdown handler
[2025-08-05T17:14:07+05:30] update network policies
[2025-08-06T11:27:12+05:30] update service discovery
[2025-08-07T11:09:12+05:30] fix file upload handling
[2025-08-07T19:36:09+05:30] update network policies
[2025-08-07T17:43:35+05:30] add circuit breaker pattern
[2025-08-07T10:22:31+05:30] optimize database queries
[2025-08-07T14:58:08+05:30] fix logging configuration
[2025-08-08T17:22:54+05:30] fix broken tests
[2025-08-08T19:20:08+05:30] refactor config management
[2025-08-11T17:47:08+05:30] add smoke test suite
[2025-08-13T17:04:32+05:30] add secrets rotation
[2025-08-13T08:22:48+05:30] refactor middleware chain
[2025-08-13T10:08:48+05:30] fix request timeout handling
[2025-08-14T16:34:06+05:30] update container registry
